#-----------------------------------------------------------
# Vivado v2020.1 (64-bit)
# SW Build 2902540 on Wed May 27 19:54:35 MDT 2020
# IP Build 2902112 on Wed May 27 22:43:36 MDT 2020
# Start of session at: Mon Dec 14 14:14:14 2020
# Process ID: 18651
# Current directory: /home/ryftuser/chintan/darpa/vivado_new/hardware/xilinx-zcu106-2020.1
# Command line: vivado
# Log file: /home/ryftuser/chintan/darpa/vivado_new/hardware/xilinx-zcu106-2020.1/vivado.log
# Journal file: /home/ryftuser/chintan/darpa/vivado_new/hardware/xilinx-zcu106-2020.1/vivado.jou
#-----------------------------------------------------------
start_gui
open_project /home/ryftuser/chintan/darpa/vivado_new/hardware/xilinx-zcu106-2020.1/xilinx-zcu106-2020.1.xpr
update_compile_order -fileset sources_1
set_property pfm_name {} [get_files -all {/home/ryftuser/chintan/darpa/vivado_new/hardware/xilinx-zcu106-2020.1/xilinx-zcu106-2020.1.srcs/sources_1/bd/project_1/project_1.bd}]
write_hw_platform -fixed -include_bit -force -file /home/ryftuser/chintan/darpa/vivado_new/hardware/xilinx-zcu106-2020.1/project_1_wrapper.xsa
open_run impl_1
set_property pfm_name {} [get_files -all {/home/ryftuser/chintan/darpa/vivado_new/hardware/xilinx-zcu106-2020.1/xilinx-zcu106-2020.1.srcs/sources_1/bd/project_1/project_1.bd}]
write_hw_platform -fixed -force -file /home/ryftuser/chintan/darpa/vivado_new/hardware/xilinx-zcu106-2020.1/project_1_wrapper.xsa
write_hw_platform -fixed -force -include_bit temp.xsa
